19
2 1 30 25 10 22 58 29 12 11 56 23 8 35 26 37 15 6 55 
