21
81 18 29 15 72 20 94 43 1 57 83 8 41 100 106 80 90 88 108 104 91 
