19
23 32 21 9 38 20 14 37 39 36 13 6 8 7 4 0 28 25 35 
