24
38 53 49 111 110 43 102 97 86 74 41 3 60 69 25 52 65 11 80 22 14 78 89 57 
