18
52 51 40 50 29 57 69 31 35 38 6 18 59 28 11 21 12 25 
