21
21 32 35 39 22 30 5 25 17 8 31 1 44 4 29 13 51 18 57 9 11 
