16
1 94 4 77 62 69 43 101 73 30 76 109 79 78 81 100 
