18
33 88 74 90 12 56 115 116 53 23 21 49 63 48 26 89 84 79 
